Verifying alignment of /workspace/van-audit/canon-chromium-runtime-fix-2026-10-09/android/app/build/outputs/apk/debug/app-debug.apk (4)...
      87 META-INF/com/android/build/gradle/app-metadata.properties (OK - compressed)
     180 classes.dex (OK)
42738620 classes10.dex (OK)
43623844 classes11.dex (OK)
43682816 classes12.dex (OK)
44072788 classes13.dex (OK)
44307168 classes14.dex (OK)
44384676 classes15.dex (OK)
44985984 classes16.dex (OK)
45680564 classes17.dex (OK)
47098952 classes18.dex (OK)
57901080 classes19.dex (OK)
64104192 classes2.dex (OK)
64280156 classes3.dex (OK)
64472972 classes4.dex (OK)
66274864 classes5.dex (OK)
66296716 classes6.dex (OK)
66398452 classes7.dex (OK)
67488600 classes8.dex (OK)
68308600 classes9.dex (OK)
68501504 lib/arm64-v8a/libc++_shared.so (OK)
69795840 lib/arm64-v8a/libjingle_peerconnection_so.so (OK)
82083840 lib/arm64-v8a/libonnxruntime.so (OK)
104349696 lib/arm64-v8a/librive-android.so (OK)
111214592 lib/arm64-v8a/libsherpa-onnx-c-api.so (OK)
115687424 lib/arm64-v8a/libsherpa-onnx-cxx-api.so (OK)
116129792 lib/arm64-v8a/libsherpa-onnx-jni.so (OK)
120901614 assets/van-build-provenance.json (OK - compressed)
120901947 assets/voice/bundle/asr/decoder-epoch-30-avg-1.int8.onnx (OK - compressed)
121286556 assets/voice/bundle/asr/encoder-epoch-30-avg-1.int8.onnx (OK - compressed)
178796495 assets/voice/bundle/asr/joiner-epoch-30-avg-1.int8.onnx (OK - compressed)
179003628 assets/voice/bundle/asr/tokens.txt (OK - compressed)
179006250 assets/voice/bundle/asr_second_pass.json (OK - compressed)
179006764 assets/voice/bundle/critical_phrases/wake_acknowledgement.wav (OK)
179042721 assets/voice/bundle/licenses/APACHE-2.0.txt (OK - compressed)
179047226 assets/voice/bundle/licenses/ASIO-LICENSE.txt (OK - compressed)
179048064 assets/voice/bundle/licenses/CC-BY-4.0.txt (OK - compressed)
179054956 assets/voice/bundle/licenses/CMU-DICTIONARY-NOTICE.txt (OK - compressed)
179055990 assets/voice/bundle/licenses/EIGEN-MPL-2.0.txt (OK - compressed)
179062193 assets/voice/bundle/licenses/ESPEAK-APACHE-2.0.txt (OK - compressed)
179066704 assets/voice/bundle/licenses/ESPEAK-BSD2-NOTICE.txt (OK - compressed)
179067438 assets/voice/bundle/licenses/ESPEAK-GPL-3.0.txt (OK - compressed)
179081735 assets/voice/bundle/licenses/ESPEAK-UNICODE-NOTICE.txt (OK - compressed)
179083134 assets/voice/bundle/licenses/HCLUST-LICENSE.txt (OK - compressed)
179084015 assets/voice/bundle/licenses/KALDI-DECODER-LICENSE.txt (OK - compressed)
179088534 assets/voice/bundle/licenses/KALDI-NATIVE-FBANK-LICENSE.txt (OK - compressed)
179093043 assets/voice/bundle/licenses/KALDIFST-LICENSE.txt (OK - compressed)
179097691 assets/voice/bundle/licenses/KISSFFT-LICENSE.txt (OK - compressed)
179097961 assets/voice/bundle/licenses/NATIVE-SOURCE-INPUTS.json (OK - compressed)
179099648 assets/voice/bundle/licenses/NLOHMANN-JSON-LICENSE.txt (OK - compressed)
179100362 assets/voice/bundle/licenses/NOTICE.txt (OK - compressed)
179101769 assets/voice/bundle/licenses/ONNXRUNTIME-MIT.txt (OK - compressed)
179102497 assets/voice/bundle/licenses/ONNXRUNTIME-THIRD-PARTY-NOTICES.txt (OK - compressed)
179165974 assets/voice/bundle/licenses/OPENFST-LICENSE.txt (OK - compressed)
179166414 assets/voice/bundle/licenses/PIPER-MIT.txt (OK - compressed)
179167135 assets/voice/bundle/licenses/PIPER-UNI-ALGO-NOTICE.txt (OK - compressed)
179168230 assets/voice/bundle/licenses/SIMPLE-SENTENCEPIECE-LICENSE.txt (OK - compressed)
179172741 assets/voice/bundle/licenses/WEBSOCKETPP-LICENSE.txt (OK - compressed)
179175430 assets/voice/bundle/licenses/WESPEAKER-ATTRIBUTION.txt (OK - compressed)
179176512 assets/voice/bundle/licenses/WESPEAKER-CODE-APACHE-2.0.txt (OK - compressed)
179181009 assets/voice/bundle/speaker/model.onnx (OK - compressed)
203915039 assets/voice/bundle/speaker/source.json (OK - compressed)
203915483 assets/voice/bundle/tts/lexicon.txt (OK - compressed)
205587698 assets/voice/bundle/tts/runtime.json (OK - compressed)
205587963 assets/voice/bundle/tts/tokens.txt (OK - compressed)
205588724 assets/voice/bundle/tts/vits-ljs.onnx (OK - compressed)
311347444 assets/voice/bundle/wake/bpe.model (OK - compressed)
311493378 assets/voice/bundle/wake/decoder-epoch-12-avg-2-chunk-16-left-64.onnx (OK - compressed)
312478640 assets/voice/bundle/wake/encoder-epoch-12-avg-2-chunk-16-left-64.int8.onnx (OK - compressed)
316207460 assets/voice/bundle/wake/joiner-epoch-12-avg-2-chunk-16-left-64.int8.onnx (OK - compressed)
316338682 assets/voice/bundle/wake/keywords.txt (OK - compressed)
316338774 assets/voice/bundle/wake/tokens.txt (OK - compressed)
316341381 assets/voice/bundle/wake_hey_van.kws (OK - compressed)
316342012 assets/voice/voice_asset_manifest.json (OK - compressed)
316345242 AndroidManifest.xml (OK - compressed)
316349162 res/anim-v21/fragment_fast_out_extra_slow_in.xml (OK - compressed)
316349434 res/anim/abc_fade_in.xml (OK - compressed)
316349705 res/anim/abc_fade_out.xml (OK - compressed)
316349994 res/anim/abc_grow_fade_in_from_bottom.xml (OK - compressed)
316350428 res/anim/abc_popup_enter.xml (OK - compressed)
316350743 res/anim/abc_popup_exit.xml (OK - compressed)
316351076 res/anim/abc_shrink_fade_out_from_bottom.xml (OK - compressed)
316351515 res/anim/abc_slide_in_bottom.xml (OK - compressed)
316351802 res/anim/abc_slide_in_top.xml (OK - compressed)
316352094 res/anim/abc_slide_out_bottom.xml (OK - compressed)
316352381 res/anim/abc_slide_out_top.xml (OK - compressed)
316352669 res/anim/abc_tooltip_enter.xml (OK - compressed)
316352946 res/anim/abc_tooltip_exit.xml (OK - compressed)
316353256 res/anim/btn_checkbox_to_checked_box_inner_merged_animation.xml (OK - compressed)
316353990 res/anim/btn_checkbox_to_checked_box_outer_merged_animation.xml (OK - compressed)
316354818 res/anim/btn_checkbox_to_checked_icon_null_animation.xml (OK - compressed)
316355310 res/anim/btn_checkbox_to_unchecked_box_inner_merged_animation.xml (OK - compressed)
316356066 res/anim/btn_checkbox_to_unchecked_check_path_merged_animation.xml (OK - compressed)
316356885 res/anim/btn_checkbox_to_unchecked_icon_null_animation.xml (OK - compressed)
316357366 res/anim/btn_radio_to_off_mtrl_dot_group_animation.xml (OK - compressed)
316357881 res/anim/btn_radio_to_off_mtrl_ring_outer_animation.xml (OK - compressed)
316358404 res/anim/btn_radio_to_off_mtrl_ring_outer_path_animation.xml (OK - compressed)
316358860 res/anim/btn_radio_to_on_mtrl_dot_group_animation.xml (OK - compressed)
316359365 res/anim/btn_radio_to_on_mtrl_ring_outer_animation.xml (OK - compressed)
316359882 res/anim/btn_radio_to_on_mtrl_ring_outer_path_animation.xml (OK - compressed)
316360329 res/animator/fragment_close_enter.xml (OK - compressed)
316360790 res/animator/fragment_close_exit.xml (OK - compressed)
316361251 res/animator/fragment_fade_enter.xml (OK - compressed)
316361581 res/animator/fragment_fade_exit.xml (OK - compressed)
316361912 res/animator/fragment_open_enter.xml (OK - compressed)
316362365 res/animator/fragment_open_exit.xml (OK - compressed)
316362845 res/color-v23/abc_btn_colored_borderless_text_material.xml (OK - compressed)
316363164 res/color-v23/abc_btn_colored_text_material.xml (OK - compressed)
316363482 res/color-v23/abc_color_highlight_material.xml (OK - compressed)
316363810 res/color-v23/abc_tint_btn_checkable.xml (OK - compressed)
316364148 res/color-v23/abc_tint_default.xml (OK - compressed)
316364582 res/color-v23/abc_tint_edittext.xml (OK - compressed)
316364933 res/color-v23/abc_tint_seek_thumb.xml (OK - compressed)
316365239 res/color-v23/abc_tint_spinner.xml (OK - compressed)
316365592 res/color-v23/abc_tint_switch_track.xml (OK - compressed)
316365943 res/color-v26/biometric_error_color.xml (OK - compressed)
316366261 res/color/abc_background_cache_hint_selector_material_dark.xml (OK - compressed)
316366585 res/color/abc_background_cache_hint_selector_material_light.xml (OK - compressed)
316366893 res/color/abc_hint_foreground_material_dark.xml (OK - compressed)
316367231 res/color/abc_hint_foreground_material_light.xml (OK - compressed)
316367578 res/color/abc_primary_text_disable_only_material_dark.xml (OK - compressed)
316367894 res/color/abc_primary_text_disable_only_material_light.xml (OK - compressed)
316368196 res/color/abc_primary_text_material_dark.xml (OK - compressed)
316368499 res/color/abc_primary_text_material_light.xml (OK - compressed)
316368790 res/color/abc_search_url_text.xml (OK - compressed)
316369116 res/color/abc_secondary_text_material_dark.xml (OK - compressed)
316369421 res/color/abc_secondary_text_material_light.xml (OK - compressed)
316369719 res/color/switch_thumb_material_dark.xml (OK - compressed)
316370019 res/color/switch_thumb_material_light.xml (OK - compressed)
316370309 res/color/vector_tint_color.xml (OK - compressed)
316370556 res/color/vector_tint_theme_color.xml (OK - compressed)
316370810 res/drawable-anydpi-v21/ic_call_answer.xml (OK - compressed)
316371549 res/drawable-anydpi-v21/ic_call_answer_low.xml (OK - compressed)
316372271 res/drawable-anydpi-v21/ic_call_answer_video.xml (OK - compressed)
316372774 res/drawable-anydpi-v21/ic_call_answer_video_low.xml (OK - compressed)
316373248 res/drawable-anydpi-v21/ic_call_decline.xml (OK - compressed)
316374059 res/drawable-anydpi-v21/ic_call_decline_low.xml (OK - compressed)
316374855 res/drawable-anydpi-v23/fingerprint_dialog_fp_icon.xml (OK - compressed)
316376182 res/drawable-anydpi-v24/fingerprint_dialog_error.xml (OK - compressed)
316377248 res/drawable-hdpi-v23/fingerprint_dialog_error.png (OK)
316378236 res/drawable-hdpi-v4/abc_ab_share_pack_mtrl_alpha.9.png (OK)
316378592 res/drawable-hdpi-v4/abc_btn_check_to_on_mtrl_000.png (OK)
316378904 res/drawable-hdpi-v4/abc_btn_check_to_on_mtrl_015.png (OK)
316379392 res/drawable-hdpi-v4/abc_btn_radio_to_on_mtrl_000.png (OK)
316379940 res/drawable-hdpi-v4/abc_btn_radio_to_on_mtrl_015.png (OK)
316380592 res/drawable-hdpi-v4/abc_btn_switch_to_on_mtrl_00001.9.png (OK)
316381776 res/drawable-hdpi-v4/abc_btn_switch_to_on_mtrl_00012.9.png (OK)
316383112 res/drawable-hdpi-v4/abc_cab_background_top_mtrl_alpha.9.png (OK)
316383428 res/drawable-hdpi-v4/abc_ic_commit_search_api_mtrl_alpha.png (OK)
316383684 res/drawable-hdpi-v4/abc_ic_menu_copy_mtrl_am_alpha.png (OK)
316383968 res/drawable-hdpi-v4/abc_ic_menu_cut_mtrl_alpha.png (OK)
316384460 res/drawable-hdpi-v4/abc_ic_menu_paste_mtrl_am_alpha.png (OK)
316384776 res/drawable-hdpi-v4/abc_ic_menu_selectall_mtrl_alpha.png (OK)
316385076 res/drawable-hdpi-v4/abc_ic_menu_share_mtrl_alpha.png (OK)
316385544 res/drawable-hdpi-v4/abc_ic_star_black_16dp.png (OK)
316385884 res/drawable-hdpi-v4/abc_ic_star_black_36dp.png (OK)
316386484 res/drawable-hdpi-v4/abc_ic_star_black_48dp.png (OK)
316387236 res/drawable-hdpi-v4/abc_ic_star_half_black_16dp.png (OK)
316387516 res/drawable-hdpi-v4/abc_ic_star_half_black_36dp.png (OK)
316387928 res/drawable-hdpi-v4/abc_ic_star_half_black_48dp.png (OK)
316388444 res/drawable-hdpi-v4/abc_list_divider_mtrl_alpha.9.png (OK)
316388692 res/drawable-hdpi-v4/abc_list_focused_holo.9.png (OK)
316389020 res/drawable-hdpi-v4/abc_list_longpressed_holo.9.png (OK)
316389316 res/drawable-hdpi-v4/abc_list_pressed_holo_dark.9.png (OK)
316389608 res/drawable-hdpi-v4/abc_list_pressed_holo_light.9.png (OK)
316389912 res/drawable-hdpi-v4/abc_list_selector_disabled_holo_dark.9.png (OK)
316390236 res/drawable-hdpi-v4/abc_list_selector_disabled_holo_light.9.png (OK)
316390556 res/drawable-hdpi-v4/abc_menu_hardkey_panel_mtrl_mult.9.png (OK)
316391384 res/drawable-hdpi-v4/abc_popup_background_mtrl_mult.9.png (OK)
316392572 res/drawable-hdpi-v4/abc_scrubber_control_off_mtrl_alpha.png (OK)
316392868 res/drawable-hdpi-v4/abc_scrubber_control_to_pressed_mtrl_000.png (OK)
316393160 res/drawable-hdpi-v4/abc_scrubber_control_to_pressed_mtrl_005.png (OK)
316393520 res/drawable-hdpi-v4/abc_scrubber_primary_mtrl_alpha.9.png (OK)
316393812 res/drawable-hdpi-v4/abc_scrubber_track_mtrl_alpha.9.png (OK)
316394092 res/drawable-hdpi-v4/abc_spinner_mtrl_am_alpha.9.png (OK)
316394524 res/drawable-hdpi-v4/abc_switch_track_mtrl_alpha.9.png (OK)
316395096 res/drawable-hdpi-v4/abc_tab_indicator_mtrl_alpha.9.png (OK)
316395380 res/drawable-hdpi-v4/abc_text_select_handle_left_mtrl_dark.png (OK)
316395752 res/drawable-hdpi-v4/abc_text_select_handle_left_mtrl_light.png (OK)
316396124 res/drawable-hdpi-v4/abc_text_select_handle_middle_mtrl_dark.png (OK)
316396620 res/drawable-hdpi-v4/abc_text_select_handle_middle_mtrl_light.png (OK)
316397112 res/drawable-hdpi-v4/abc_text_select_handle_right_mtrl_dark.png (OK)
316397472 res/drawable-hdpi-v4/abc_text_select_handle_right_mtrl_light.png (OK)
316397828 res/drawable-hdpi-v4/abc_textfield_activated_mtrl_alpha.9.png (OK)
316398104 res/drawable-hdpi-v4/abc_textfield_default_mtrl_alpha.9.png (OK)
316398396 res/drawable-hdpi-v4/abc_textfield_search_activated_mtrl_alpha.9.png (OK)
316398672 res/drawable-hdpi-v4/abc_textfield_search_default_mtrl_alpha.9.png (OK)
316398920 res/drawable-hdpi-v4/ic_call_answer.png (OK)
316399468 res/drawable-hdpi-v4/ic_call_answer_low.png (OK)
316400016 res/drawable-hdpi-v4/ic_call_answer_video.png (OK)
316400352 res/drawable-hdpi-v4/ic_call_answer_video_low.png (OK)
316400676 res/drawable-hdpi-v4/ic_call_decline.png (OK)
316401128 res/drawable-hdpi-v4/ic_call_decline_low.png (OK)
316401588 res/drawable-hdpi-v4/notification_bg_low_normal.9.png (OK)
316401884 res/drawable-hdpi-v4/notification_bg_low_pressed.9.png (OK)
316402188 res/drawable-hdpi-v4/notification_bg_normal.9.png (OK)
316402488 res/drawable-hdpi-v4/notification_bg_normal_pressed.9.png (OK)
316402804 res/drawable-hdpi-v4/notification_oversize_large_icon_bg.png (OK)
316403804 res/drawable-hdpi-v4/notify_panel_notification_icon_bg.png (OK)
316403992 res/drawable-ldpi-v23/fingerprint_dialog_error.png (OK)
316404492 res/drawable-ldpi-v4/ic_call_answer.png (OK)
316404836 res/drawable-ldpi-v4/ic_call_answer_low.png (OK)
316405184 res/drawable-ldpi-v4/ic_call_answer_video.png (OK)
316405464 res/drawable-ldpi-v4/ic_call_answer_video_low.png (OK)
316405736 res/drawable-ldpi-v4/ic_call_decline.png (OK)
316406012 res/drawable-ldpi-v4/ic_call_decline_low.png (OK)
316406308 res/drawable-ldrtl-hdpi-v17/abc_ic_menu_copy_mtrl_am_alpha.png (OK)
316406596 res/drawable-ldrtl-hdpi-v17/abc_ic_menu_cut_mtrl_alpha.png (OK)
316407088 res/drawable-ldrtl-hdpi-v17/abc_spinner_mtrl_am_alpha.9.png (OK)
316407528 res/drawable-ldrtl-mdpi-v17/abc_ic_menu_copy_mtrl_am_alpha.png (OK)
316407744 res/drawable-ldrtl-mdpi-v17/abc_ic_menu_cut_mtrl_alpha.png (OK)
316408088 res/drawable-ldrtl-mdpi-v17/abc_spinner_mtrl_am_alpha.9.png (OK)
316408500 res/drawable-ldrtl-xhdpi-v17/abc_ic_menu_copy_mtrl_am_alpha.png (OK)
316408768 res/drawable-ldrtl-xhdpi-v17/abc_ic_menu_cut_mtrl_alpha.png (OK)
316409352 res/drawable-ldrtl-xhdpi-v17/abc_spinner_mtrl_am_alpha.9.png (OK)
316409864 res/drawable-ldrtl-xxhdpi-v17/abc_ic_menu_copy_mtrl_am_alpha.png (OK)
316410216 res/drawable-ldrtl-xxhdpi-v17/abc_ic_menu_cut_mtrl_alpha.png (OK)
316411012 res/drawable-ldrtl-xxhdpi-v17/abc_spinner_mtrl_am_alpha.9.png (OK)
316411632 res/drawable-ldrtl-xxxhdpi-v17/abc_ic_menu_copy_mtrl_am_alpha.png (OK)
316412048 res/drawable-ldrtl-xxxhdpi-v17/abc_ic_menu_cut_mtrl_alpha.png (OK)
316413048 res/drawable-ldrtl-xxxhdpi-v17/abc_spinner_mtrl_am_alpha.9.png (OK)
316413568 res/drawable-mdpi-v23/fingerprint_dialog_error.png (OK)
316414220 res/drawable-mdpi-v4/abc_ab_share_pack_mtrl_alpha.9.png (OK)
316414572 res/drawable-mdpi-v4/abc_btn_check_to_on_mtrl_000.png (OK)
316414872 res/drawable-mdpi-v4/abc_btn_check_to_on_mtrl_015.png (OK)
316415276 res/drawable-mdpi-v4/abc_btn_radio_to_on_mtrl_000.png (OK)
316415684 res/drawable-mdpi-v4/abc_btn_radio_to_on_mtrl_015.png (OK)
316416128 res/drawable-mdpi-v4/abc_btn_switch_to_on_mtrl_00001.9.png (OK)
316416972 res/drawable-mdpi-v4/abc_btn_switch_to_on_mtrl_00012.9.png (OK)
316417888 res/drawable-mdpi-v4/abc_cab_background_top_mtrl_alpha.9.png (OK)
316418196 res/drawable-mdpi-v4/abc_ic_commit_search_api_mtrl_alpha.png (OK)
316418456 res/drawable-mdpi-v4/abc_ic_menu_copy_mtrl_am_alpha.png (OK)
316418672 res/drawable-mdpi-v4/abc_ic_menu_cut_mtrl_alpha.png (OK)
316419012 res/drawable-mdpi-v4/abc_ic_menu_paste_mtrl_am_alpha.png (OK)
316419252 res/drawable-mdpi-v4/abc_ic_menu_selectall_mtrl_alpha.png (OK)
316419476 res/drawable-mdpi-v4/abc_ic_menu_share_mtrl_alpha.png (OK)
316419824 res/drawable-mdpi-v4/abc_ic_star_black_16dp.png (OK)
316420096 res/drawable-mdpi-v4/abc_ic_star_black_36dp.png (OK)
316420540 res/drawable-mdpi-v4/abc_ic_star_black_48dp.png (OK)
316421092 res/drawable-mdpi-v4/abc_ic_star_half_black_16dp.png (OK)
316421320 res/drawable-mdpi-v4/abc_ic_star_half_black_36dp.png (OK)
316421656 res/drawable-mdpi-v4/abc_ic_star_half_black_48dp.png (OK)
316422052 res/drawable-mdpi-v4/abc_list_divider_mtrl_alpha.9.png (OK)
316422300 res/drawable-mdpi-v4/abc_list_focused_holo.9.png (OK)
316422604 res/drawable-mdpi-v4/abc_list_longpressed_holo.9.png (OK)
316422900 res/drawable-mdpi-v4/abc_list_pressed_holo_dark.9.png (OK)
316423192 res/drawable-mdpi-v4/abc_list_pressed_holo_light.9.png (OK)
316423492 res/drawable-mdpi-v4/abc_list_selector_disabled_holo_dark.9.png (OK)
316423804 res/drawable-mdpi-v4/abc_list_selector_disabled_holo_light.9.png (OK)
316424112 res/drawable-mdpi-v4/abc_menu_hardkey_panel_mtrl_mult.9.png (OK)
316424740 res/drawable-mdpi-v4/abc_popup_background_mtrl_mult.9.png (OK)
316425608 res/drawable-mdpi-v4/abc_scrubber_control_off_mtrl_alpha.png (OK)
316425864 res/drawable-mdpi-v4/abc_scrubber_control_to_pressed_mtrl_000.png (OK)
316426104 res/drawable-mdpi-v4/abc_scrubber_control_to_pressed_mtrl_005.png (OK)
316426392 res/drawable-mdpi-v4/abc_scrubber_primary_mtrl_alpha.9.png (OK)
316426684 res/drawable-mdpi-v4/abc_scrubber_track_mtrl_alpha.9.png (OK)
316426960 res/drawable-mdpi-v4/abc_spinner_mtrl_am_alpha.9.png (OK)
316427372 res/drawable-mdpi-v4/abc_switch_track_mtrl_alpha.9.png (OK)
316427852 res/drawable-mdpi-v4/abc_tab_indicator_mtrl_alpha.9.png (OK)
316428132 res/drawable-mdpi-v4/abc_text_select_handle_left_mtrl_dark.png (OK)
316428428 res/drawable-mdpi-v4/abc_text_select_handle_left_mtrl_light.png (OK)
316428728 res/drawable-mdpi-v4/abc_text_select_handle_middle_mtrl_dark.png (OK)
316429136 res/drawable-mdpi-v4/abc_text_select_handle_middle_mtrl_light.png (OK)
316429540 res/drawable-mdpi-v4/abc_text_select_handle_right_mtrl_dark.png (OK)
316429824 res/drawable-mdpi-v4/abc_text_select_handle_right_mtrl_light.png (OK)
316430104 res/drawable-mdpi-v4/abc_textfield_activated_mtrl_alpha.9.png (OK)
316430376 res/drawable-mdpi-v4/abc_textfield_default_mtrl_alpha.9.png (OK)
316430652 res/drawable-mdpi-v4/abc_textfield_search_activated_mtrl_alpha.9.png (OK)
316430928 res/drawable-mdpi-v4/abc_textfield_search_default_mtrl_alpha.9.png (OK)
316431176 res/drawable-mdpi-v4/ic_call_answer.png (OK)
316431568 res/drawable-mdpi-v4/ic_call_answer_low.png (OK)
316431960 res/drawable-mdpi-v4/ic_call_answer_video.png (OK)
316432248 res/drawable-mdpi-v4/ic_call_answer_video_low.png (OK)
316432524 res/drawable-mdpi-v4/ic_call_decline.png (OK)
316432864 res/drawable-mdpi-v4/ic_call_decline_low.png (OK)
316433212 res/drawable-mdpi-v4/notification_bg_low_normal.9.png (OK)
316433512 res/drawable-mdpi-v4/notification_bg_low_pressed.9.png (OK)
316433816 res/drawable-mdpi-v4/notification_bg_normal.9.png (OK)
316434120 res/drawable-mdpi-v4/notification_bg_normal_pressed.9.png (OK)
316434432 res/drawable-mdpi-v4/notify_panel_notification_icon_bg.png (OK)
316434608 res/drawable-nodpi-v4/van_candidate_b_front.png (OK)
316766396 res/drawable-nodpi-v4/van_candidate_b_launcher_portrait.png (OK)
317005280 res/drawable-v21/abc_action_bar_item_background_material.xml (OK - compressed)
317005507 res/drawable-v21/abc_btn_colored_material.xml (OK - compressed)
317006139 res/drawable-v21/abc_dialog_material_background.xml (OK - compressed)
317006536 res/drawable-v21/abc_edit_text_material.xml (OK - compressed)
317007075 res/drawable-v21/abc_list_divider_material.xml (OK - compressed)
317007402 res/drawable-v21/notification_action_background.xml (OK - compressed)
317007955 res/drawable-v23/abc_control_background_material.xml (OK - compressed)
317008216 res/drawable-watch-v20/abc_dialog_material_background.xml (OK - compressed)
317008484 res/drawable-xhdpi-v23/fingerprint_dialog_error.png (OK)
317009744 res/drawable-xhdpi-v4/abc_ab_share_pack_mtrl_alpha.9.png (OK)
317010108 res/drawable-xhdpi-v4/abc_btn_check_to_on_mtrl_000.png (OK)
317010476 res/drawable-xhdpi-v4/abc_btn_check_to_on_mtrl_015.png (OK)
317010992 res/drawable-xhdpi-v4/abc_btn_radio_to_on_mtrl_000.png (OK)
317011728 res/drawable-xhdpi-v4/abc_btn_radio_to_on_mtrl_015.png (OK)
317012604 res/drawable-xhdpi-v4/abc_btn_switch_to_on_mtrl_00001.9.png (OK)
317014220 res/drawable-xhdpi-v4/abc_btn_switch_to_on_mtrl_00012.9.png (OK)
317016044 res/drawable-xhdpi-v4/abc_cab_background_top_mtrl_alpha.9.png (OK)
317016364 res/drawable-xhdpi-v4/abc_ic_commit_search_api_mtrl_alpha.png (OK)
317016680 res/drawable-xhdpi-v4/abc_ic_menu_copy_mtrl_am_alpha.png (OK)
317016940 res/drawable-xhdpi-v4/abc_ic_menu_cut_mtrl_alpha.png (OK)
317017520 res/drawable-xhdpi-v4/abc_ic_menu_paste_mtrl_am_alpha.png (OK)
317017852 res/drawable-xhdpi-v4/abc_ic_menu_selectall_mtrl_alpha.png (OK)
317018120 res/drawable-xhdpi-v4/abc_ic_menu_share_mtrl_alpha.png (OK)
317018680 res/drawable-xhdpi-v4/abc_ic_star_black_16dp.png (OK)
317019092 res/drawable-xhdpi-v4/abc_ic_star_black_36dp.png (OK)
317019824 res/drawable-xhdpi-v4/abc_ic_star_black_48dp.png (OK)
317020796 res/drawable-xhdpi-v4/abc_ic_star_half_black_16dp.png (OK)
317021116 res/drawable-xhdpi-v4/abc_ic_star_half_black_36dp.png (OK)
317021620 res/drawable-xhdpi-v4/abc_ic_star_half_black_48dp.png (OK)
317022256 res/drawable-xhdpi-v4/abc_list_divider_mtrl_alpha.9.png (OK)
317022504 res/drawable-xhdpi-v4/abc_list_focused_holo.9.png (OK)
317022832 res/drawable-xhdpi-v4/abc_list_longpressed_holo.9.png (OK)
317023132 res/drawable-xhdpi-v4/abc_list_pressed_holo_dark.9.png (OK)
317023428 res/drawable-xhdpi-v4/abc_list_pressed_holo_light.9.png (OK)
317023732 res/drawable-xhdpi-v4/abc_list_selector_disabled_holo_dark.9.png (OK)
317024064 res/drawable-xhdpi-v4/abc_list_selector_disabled_holo_light.9.png (OK)
317024392 res/drawable-xhdpi-v4/abc_menu_hardkey_panel_mtrl_mult.9.png (OK)
317025448 res/drawable-xhdpi-v4/abc_popup_background_mtrl_mult.9.png (OK)
317027084 res/drawable-xhdpi-v4/abc_scrubber_control_off_mtrl_alpha.png (OK)
317027448 res/drawable-xhdpi-v4/abc_scrubber_control_to_pressed_mtrl_000.png (OK)
317027812 res/drawable-xhdpi-v4/abc_scrubber_control_to_pressed_mtrl_005.png (OK)
317028292 res/drawable-xhdpi-v4/abc_scrubber_primary_mtrl_alpha.9.png (OK)
317028588 res/drawable-xhdpi-v4/abc_scrubber_track_mtrl_alpha.9.png (OK)
317028872 res/drawable-xhdpi-v4/abc_spinner_mtrl_am_alpha.9.png (OK)
317029408 res/drawable-xhdpi-v4/abc_switch_track_mtrl_alpha.9.png (OK)
317030112 res/drawable-xhdpi-v4/abc_tab_indicator_mtrl_alpha.9.png (OK)
317030400 res/drawable-xhdpi-v4/abc_text_select_handle_left_mtrl_dark.png (OK)
317030832 res/drawable-xhdpi-v4/abc_text_select_handle_left_mtrl_light.png (OK)
317031264 res/drawable-xhdpi-v4/abc_text_select_handle_middle_mtrl_dark.png (OK)
317031944 res/drawable-xhdpi-v4/abc_text_select_handle_middle_mtrl_light.png (OK)
317032624 res/drawable-xhdpi-v4/abc_text_select_handle_right_mtrl_dark.png (OK)
317033040 res/drawable-xhdpi-v4/abc_text_select_handle_right_mtrl_light.png (OK)
317033452 res/drawable-xhdpi-v4/abc_textfield_activated_mtrl_alpha.9.png (OK)
317033732 res/drawable-xhdpi-v4/abc_textfield_default_mtrl_alpha.9.png (OK)
317034020 res/drawable-xhdpi-v4/abc_textfield_search_activated_mtrl_alpha.9.png (OK)
317034304 res/drawable-xhdpi-v4/abc_textfield_search_default_mtrl_alpha.9.png (OK)
317034556 res/drawable-xhdpi-v4/ic_call_answer.png (OK)
317035256 res/drawable-xhdpi-v4/ic_call_answer_low.png (OK)
317035956 res/drawable-xhdpi-v4/ic_call_answer_video.png (OK)
317036328 res/drawable-xhdpi-v4/ic_call_answer_video_low.png (OK)
317036692 res/drawable-xhdpi-v4/ic_call_decline.png (OK)
317037220 res/drawable-xhdpi-v4/ic_call_decline_low.png (OK)
317037756 res/drawable-xhdpi-v4/notification_bg_low_normal.9.png (OK)
317038064 res/drawable-xhdpi-v4/notification_bg_low_pressed.9.png (OK)
317038396 res/drawable-xhdpi-v4/notification_bg_normal.9.png (OK)
317038708 res/drawable-xhdpi-v4/notification_bg_normal_pressed.9.png (OK)
317039044 res/drawable-xhdpi-v4/notify_panel_notification_icon_bg.png (OK)
317039264 res/drawable-xxhdpi-v23/fingerprint_dialog_error.png (OK)
317040836 res/drawable-xxhdpi-v4/abc_ab_share_pack_mtrl_alpha.9.png (OK)
317041208 res/drawable-xxhdpi-v4/abc_btn_check_to_on_mtrl_000.png (OK)
317041600 res/drawable-xxhdpi-v4/abc_btn_check_to_on_mtrl_015.png (OK)
317042280 res/drawable-xxhdpi-v4/abc_btn_radio_to_on_mtrl_000.png (OK)
317043352 res/drawable-xxhdpi-v4/abc_btn_radio_to_on_mtrl_015.png (OK)
317044652 res/drawable-xxhdpi-v4/abc_btn_switch_to_on_mtrl_00001.9.png (OK)
317047208 res/drawable-xxhdpi-v4/abc_btn_switch_to_on_mtrl_00012.9.png (OK)
317050136 res/drawable-xxhdpi-v4/abc_cab_background_top_mtrl_alpha.9.png (OK)
317050468 res/drawable-xxhdpi-v4/abc_ic_commit_search_api_mtrl_alpha.png (OK)
317050780 res/drawable-xxhdpi-v4/abc_ic_menu_copy_mtrl_am_alpha.png (OK)
317051128 res/drawable-xxhdpi-v4/abc_ic_menu_cut_mtrl_alpha.png (OK)
317051928 res/drawable-xxhdpi-v4/abc_ic_menu_paste_mtrl_am_alpha.png (OK)
317052368 res/drawable-xxhdpi-v4/abc_ic_menu_selectall_mtrl_alpha.png (OK)
317052716 res/drawable-xxhdpi-v4/abc_ic_menu_share_mtrl_alpha.png (OK)
317053496 res/drawable-xxhdpi-v4/abc_ic_star_black_16dp.png (OK)
317054036 res/drawable-xxhdpi-v4/abc_ic_star_black_36dp.png (OK)
317055100 res/drawable-xxhdpi-v4/abc_ic_star_black_48dp.png (OK)
317056476 res/drawable-xxhdpi-v4/abc_ic_star_half_black_16dp.png (OK)
317056872 res/drawable-xxhdpi-v4/abc_ic_star_half_black_36dp.png (OK)
317057536 res/drawable-xxhdpi-v4/abc_ic_star_half_black_48dp.png (OK)
317058412 res/drawable-xxhdpi-v4/abc_list_divider_mtrl_alpha.9.png (OK)
317058664 res/drawable-xxhdpi-v4/abc_list_focused_holo.9.png (OK)
317058996 res/drawable-xxhdpi-v4/abc_list_longpressed_holo.9.png (OK)
317059304 res/drawable-xxhdpi-v4/abc_list_pressed_holo_dark.9.png (OK)
317059604 res/drawable-xxhdpi-v4/abc_list_pressed_holo_light.9.png (OK)
317059912 res/drawable-xxhdpi-v4/abc_list_selector_disabled_holo_dark.9.png (OK)
317060268 res/drawable-xxhdpi-v4/abc_list_selector_disabled_holo_light.9.png (OK)
317060620 res/drawable-xxhdpi-v4/abc_menu_hardkey_panel_mtrl_mult.9.png (OK)
317062488 res/drawable-xxhdpi-v4/abc_popup_background_mtrl_mult.9.png (OK)
317064888 res/drawable-xxhdpi-v4/abc_scrubber_control_off_mtrl_alpha.png (OK)
317065308 res/drawable-xxhdpi-v4/abc_scrubber_control_to_pressed_mtrl_000.png (OK)
317065808 res/drawable-xxhdpi-v4/abc_scrubber_control_to_pressed_mtrl_005.png (OK)
317066496 res/drawable-xxhdpi-v4/abc_scrubber_primary_mtrl_alpha.9.png (OK)
317066796 res/drawable-xxhdpi-v4/abc_scrubber_track_mtrl_alpha.9.png (OK)
317067088 res/drawable-xxhdpi-v4/abc_spinner_mtrl_am_alpha.9.png (OK)
317067700 res/drawable-xxhdpi-v4/abc_switch_track_mtrl_alpha.9.png (OK)
317068640 res/drawable-xxhdpi-v4/abc_tab_indicator_mtrl_alpha.9.png (OK)
317068940 res/drawable-xxhdpi-v4/abc_text_select_handle_left_mtrl_dark.png (OK)
317069456 res/drawable-xxhdpi-v4/abc_text_select_handle_left_mtrl_light.png (OK)
317069972 res/drawable-xxhdpi-v4/abc_text_select_handle_middle_mtrl_dark.png (OK)
317070824 res/drawable-xxhdpi-v4/abc_text_select_handle_middle_mtrl_light.png (OK)
317071672 res/drawable-xxhdpi-v4/abc_text_select_handle_right_mtrl_dark.png (OK)
317072192 res/drawable-xxhdpi-v4/abc_text_select_handle_right_mtrl_light.png (OK)
317072708 res/drawable-xxhdpi-v4/abc_textfield_activated_mtrl_alpha.9.png (OK)
317073000 res/drawable-xxhdpi-v4/abc_textfield_default_mtrl_alpha.9.png (OK)
317073300 res/drawable-xxhdpi-v4/abc_textfield_search_activated_mtrl_alpha.9.png (OK)
317073588 res/drawable-xxhdpi-v4/abc_textfield_search_default_mtrl_alpha.9.png (OK)
317073848 res/drawable-xxhdpi-v4/ic_call_answer.png (OK)
317074808 res/drawable-xxhdpi-v4/ic_call_answer_low.png (OK)
317075772 res/drawable-xxhdpi-v4/ic_call_answer_video.png (OK)
317076240 res/drawable-xxhdpi-v4/ic_call_answer_video_low.png (OK)
317076696 res/drawable-xxhdpi-v4/ic_call_decline.png (OK)
317077400 res/drawable-xxhdpi-v4/ic_call_decline_low.png (OK)
317078112 res/drawable-xxxhdpi-v23/fingerprint_dialog_error.png (OK)
317080124 res/drawable-xxxhdpi-v4/abc_btn_check_to_on_mtrl_000.png (OK)
317080488 res/drawable-xxxhdpi-v4/abc_btn_check_to_on_mtrl_015.png (OK)
317081052 res/drawable-xxxhdpi-v4/abc_btn_radio_to_on_mtrl_000.png (OK)
317081924 res/drawable-xxxhdpi-v4/abc_btn_radio_to_on_mtrl_015.png (OK)
317082964 res/drawable-xxxhdpi-v4/abc_btn_switch_to_on_mtrl_00001.9.png (OK)
317085560 res/drawable-xxxhdpi-v4/abc_btn_switch_to_on_mtrl_00012.9.png (OK)
317088464 res/drawable-xxxhdpi-v4/abc_ic_menu_copy_mtrl_am_alpha.png (OK)
317088876 res/drawable-xxxhdpi-v4/abc_ic_menu_cut_mtrl_alpha.png (OK)
317089876 res/drawable-xxxhdpi-v4/abc_ic_menu_paste_mtrl_am_alpha.png (OK)
317090428 res/drawable-xxxhdpi-v4/abc_ic_menu_selectall_mtrl_alpha.png (OK)
317090820 res/drawable-xxxhdpi-v4/abc_ic_menu_share_mtrl_alpha.png (OK)
317091800 res/drawable-xxxhdpi-v4/abc_ic_star_black_16dp.png (OK)
317092480 res/drawable-xxxhdpi-v4/abc_ic_star_black_36dp.png (OK)
317093832 res/drawable-xxxhdpi-v4/abc_ic_star_black_48dp.png (OK)
317095600 res/drawable-xxxhdpi-v4/abc_ic_star_half_black_16dp.png (OK)
317096064 res/drawable-xxxhdpi-v4/abc_ic_star_half_black_36dp.png (OK)
317096912 res/drawable-xxxhdpi-v4/abc_ic_star_half_black_48dp.png (OK)
317098004 res/drawable-xxxhdpi-v4/abc_scrubber_control_to_pressed_mtrl_000.png (OK)
317098520 res/drawable-xxxhdpi-v4/abc_scrubber_control_to_pressed_mtrl_005.png (OK)
317099236 res/drawable-xxxhdpi-v4/abc_spinner_mtrl_am_alpha.9.png (OK)
317099756 res/drawable-xxxhdpi-v4/abc_switch_track_mtrl_alpha.9.png (OK)
317100660 res/drawable-xxxhdpi-v4/abc_tab_indicator_mtrl_alpha.9.png (OK)
317100960 res/drawable-xxxhdpi-v4/abc_text_select_handle_left_mtrl_dark.png (OK)
317101572 res/drawable-xxxhdpi-v4/abc_text_select_handle_left_mtrl_light.png (OK)
317102184 res/drawable-xxxhdpi-v4/abc_text_select_handle_right_mtrl_dark.png (OK)
317102796 res/drawable-xxxhdpi-v4/abc_text_select_handle_right_mtrl_light.png (OK)
317103384 res/drawable-xxxhdpi-v4/ic_call_answer.png (OK)
317104632 res/drawable-xxxhdpi-v4/ic_call_answer_low.png (OK)
317105884 res/drawable-xxxhdpi-v4/ic_call_answer_video.png (OK)
317106432 res/drawable-xxxhdpi-v4/ic_call_answer_video_low.png (OK)
317106972 res/drawable-xxxhdpi-v4/ic_call_decline.png (OK)
317107872 res/drawable-xxxhdpi-v4/ic_call_decline_low.png (OK)
317108769 res/drawable/abc_btn_borderless_material.xml (OK - compressed)
317109090 res/drawable/abc_btn_check_material.xml (OK - compressed)
317109394 res/drawable/abc_btn_check_material_anim.xml (OK - compressed)
317109810 res/drawable/abc_btn_default_mtrl_shape.xml (OK - compressed)
317110273 res/drawable/abc_btn_radio_material.xml (OK - compressed)
317110577 res/drawable/abc_btn_radio_material_anim.xml (OK - compressed)
317110997 res/drawable/abc_cab_background_internal_bg.xml (OK - compressed)
317111260 res/drawable/abc_cab_background_top_material.xml (OK - compressed)
317111504 res/drawable/abc_ic_ab_back_material.xml (OK - compressed)
317111967 res/drawable/abc_ic_arrow_drop_right_black_24dp.xml (OK - compressed)
317112527 res/drawable/abc_ic_clear_material.xml (OK - compressed)
317112962 res/drawable/abc_ic_go_search_api_material.xml (OK - compressed)
317113377 res/drawable/abc_ic_menu_overflow_material.xml (OK - compressed)
317113838 res/drawable/abc_ic_search_api_material.xml (OK - compressed)
317114368 res/drawable/abc_ic_voice_search_api_material.xml (OK - compressed)
317114899 res/drawable/abc_item_background_holo_dark.xml (OK - compressed)
317115295 res/drawable/abc_item_background_holo_light.xml (OK - compressed)
317115710 res/drawable/abc_list_selector_background_transition_holo_dark.xml (OK - compressed)
317116005 res/drawable/abc_list_selector_background_transition_holo_light.xml (OK - compressed)
317116277 res/drawable/abc_list_selector_holo_dark.xml (OK - compressed)
317116690 res/drawable/abc_list_selector_holo_light.xml (OK - compressed)
317117108 res/drawable/abc_ratingbar_indicator_material.xml (OK - compressed)
317117473 res/drawable/abc_ratingbar_material.xml (OK - compressed)
317117844 res/drawable/abc_ratingbar_small_material.xml (OK - compressed)
317118213 res/drawable/abc_seekbar_thumb_material.xml (OK - compressed)
317118643 res/drawable/abc_seekbar_tick_mark_material.xml (OK - compressed)
317118960 res/drawable/abc_seekbar_track_material.xml (OK - compressed)
317119472 res/drawable/abc_spinner_textfield_background_material.xml (OK - compressed)
317119951 res/drawable/abc_switch_thumb_material.xml (OK - compressed)
317120254 res/drawable/abc_tab_indicator_material.xml (OK - compressed)
317120558 res/drawable/abc_text_cursor_material.xml (OK - compressed)
317120875 res/drawable/abc_textfield_search_material.xml (OK - compressed)
317121229 res/drawable/abc_vector_test.xml (OK - compressed)
317121634 res/drawable/btn_checkbox_checked_mtrl.xml (OK - compressed)
317122570 res/drawable/btn_checkbox_checked_to_unchecked_mtrl_animation.xml (OK - compressed)
317122949 res/drawable/btn_checkbox_unchecked_mtrl.xml (OK - compressed)
317123875 res/drawable/btn_checkbox_unchecked_to_checked_mtrl_animation.xml (OK - compressed)
317124241 res/drawable/btn_radio_off_mtrl.xml (OK - compressed)
317125025 res/drawable/btn_radio_off_to_on_mtrl_animation.xml (OK - compressed)
317125390 res/drawable/btn_radio_on_mtrl.xml (OK - compressed)
317126149 res/drawable/btn_radio_on_to_off_mtrl_animation.xml (OK - compressed)
317126519 res/drawable/ic_launcher_foreground.xml (OK - compressed)
317126846 res/drawable/ic_van_notification.xml (OK - compressed)
317127314 res/drawable/notification_bg.xml (OK - compressed)
317127631 res/drawable/notification_bg_low.xml (OK - compressed)
317127958 res/drawable/notification_icon_background.xml (OK - compressed)
317128209 res/drawable/notification_tile_bg.xml (OK - compressed)
317128446 res/drawable/tooltip_frame_dark.xml (OK - compressed)
317128735 res/drawable/tooltip_frame_light.xml (OK - compressed)
317129058 res/interpolator/btn_checkbox_checked_mtrl_animation_interpolator_0.xml (OK - compressed)
317129346 res/interpolator/btn_checkbox_checked_mtrl_animation_interpolator_1.xml (OK - compressed)
317129639 res/interpolator/btn_checkbox_unchecked_mtrl_animation_interpolator_0.xml (OK - compressed)
317129929 res/interpolator/btn_checkbox_unchecked_mtrl_animation_interpolator_1.xml (OK - compressed)
317130216 res/interpolator/btn_radio_to_off_mtrl_animation_interpolator_0.xml (OK - compressed)
317130502 res/interpolator/btn_radio_to_on_mtrl_animation_interpolator_0.xml (OK - compressed)
317130759 res/interpolator/fast_out_slow_in.xml (OK - compressed)
317131041 res/layout-v21/notification_action.xml (OK - compressed)
317131605 res/layout-v21/notification_action_tombstone.xml (OK - compressed)
317132222 res/layout-v21/notification_template_custom_big.xml (OK - compressed)
317133093 res/layout-v21/notification_template_icon_group.xml (OK - compressed)
317133579 res/layout-v26/abc_screen_toolbar.xml (OK - compressed)
317134319 res/layout-watch-v20/abc_alert_dialog_button_bar_material.xml (OK - compressed)
317134877 res/layout-watch-v20/abc_alert_dialog_title_material.xml (OK - compressed)
317135497 res/layout/abc_action_bar_title_item.xml (OK - compressed)
317135958 res/layout/abc_action_bar_up_container.xml (OK - compressed)
317136281 res/layout/abc_action_menu_item_layout.xml (OK - compressed)
317136742 res/layout/abc_action_menu_layout.xml (OK - compressed)
317137101 res/layout/abc_action_mode_bar.xml (OK - compressed)
317137449 res/layout/abc_action_mode_close_item_material.xml (OK - compressed)
317137943 res/layout/abc_activity_chooser_view.xml (OK - compressed)
317138620 res/layout/abc_activity_chooser_view_list_item.xml (OK - compressed)
317139269 res/layout/abc_alert_dialog_button_bar_material.xml (OK - compressed)
317139950 res/layout/abc_alert_dialog_material.xml (OK - compressed)
317140796 res/layout/abc_alert_dialog_title_material.xml (OK - compressed)
317141516 res/layout/abc_cascading_menu_item_layout.xml (OK - compressed)
317142295 res/layout/abc_dialog_title_material.xml (OK - compressed)
317142888 res/layout/abc_expanded_menu_layout.xml (OK - compressed)
317143190 res/layout/abc_list_menu_item_checkbox.xml (OK - compressed)
317143541 res/layout/abc_list_menu_item_icon.xml (OK - compressed)
317143965 res/layout/abc_list_menu_item_layout.xml (OK - compressed)
317144629 res/layout/abc_list_menu_item_radio.xml (OK - compressed)
317144995 res/layout/abc_popup_menu_header_item_layout.xml (OK - compressed)
317145495 res/layout/abc_popup_menu_item_layout.xml (OK - compressed)
317146369 res/layout/abc_screen_content_include.xml (OK - compressed)
317146728 res/layout/abc_screen_simple.xml (OK - compressed)
317147203 res/layout/abc_screen_simple_overlay_action_mode.xml (OK - compressed)
317147659 res/layout/abc_search_dropdown_item_icons_2line.xml (OK - compressed)
317148388 res/layout/abc_search_view.xml (OK - compressed)
317149564 res/layout/abc_select_dialog_material.xml (OK - compressed)
317150155 res/layout/abc_tooltip.xml (OK - compressed)
317150711 res/layout/custom_dialog.xml (OK - compressed)
317151090 res/layout/fingerprint_dialog_layout.xml (OK - compressed)
317151863 res/layout/ime_base_split_test_activity.xml (OK - compressed)
317152142 res/layout/ime_secondary_split_test_activity.xml (OK - compressed)
317152640 res/layout/notification_template_part_chronometer.xml (OK - compressed)
317152975 res/layout/notification_template_part_time.xml (OK - compressed)
317153309 res/layout/select_dialog_item_material.xml (OK - compressed)
317153737 res/layout/select_dialog_multichoice_material.xml (OK - compressed)
317154261 res/layout/select_dialog_singlechoice_material.xml (OK - compressed)
317154786 res/layout/support_simple_spinner_dropdown_item.xml (OK - compressed)
317155121 res/mipmap-anydpi-v26/ic_launcher.xml (OK - compressed)
317155399 res/xml/van_file_paths.xml (OK - compressed)
317155684 res/xml/van_obstruction_accessibility_service.xml (OK - compressed)
317156036 resources.arsc (OK)
317874091 DebugProbesKt.bin (OK - compressed)
317874956 META-INF/androidx.activity_activity-compose.version (OK)
317875040 META-INF/androidx.activity_activity-ktx.version (OK)
317875120 META-INF/androidx.activity_activity.version (OK)
317875216 META-INF/androidx.annotation_annotation-experimental.version (OK)
317875308 META-INF/androidx.appcompat_appcompat-resources.version (OK)
317875392 META-INF/androidx.appcompat_appcompat.version (OK)
317875476 META-INF/androidx.arch.core_core-runtime.version (OK - compressed)
317875612 META-INF/androidx.autofill_autofill.version (OK)
317875696 META-INF/androidx.biometric_biometric.version (OK)
317875792 META-INF/androidx.compose.animation_animation-core.version (OK)
317875884 META-INF/androidx.compose.animation_animation.version (OK)
317875984 META-INF/androidx.compose.foundation_foundation-layout.version (OK)
317876076 META-INF/androidx.compose.foundation_foundation.version (OK)
317876168 META-INF/androidx.compose.material3_material3.version (OK)
317876268 META-INF/androidx.compose.material_material-icons-core.version (OK)
317876372 META-INF/androidx.compose.material_material-icons-extended.version (OK)
317876468 META-INF/androidx.compose.material_material-ripple.version (OK)
317876556 META-INF/androidx.compose.material_material.version (OK)
317876652 META-INF/androidx.compose.runtime_runtime-saveable.version (OK)
317876740 META-INF/androidx.compose.runtime_runtime.version (OK)
317876824 META-INF/androidx.compose.ui_ui-geometry.version (OK)
317876908 META-INF/androidx.compose.ui_ui-graphics.version (OK)
317877000 META-INF/androidx.compose.ui_ui-test-manifest.version (OK)
317877080 META-INF/androidx.compose.ui_ui-text.version (OK)
317877168 META-INF/androidx.compose.ui_ui-tooling-data.version (OK)
317877260 META-INF/androidx.compose.ui_ui-tooling-preview.version (OK)
317877344 META-INF/androidx.compose.ui_ui-tooling.version (OK)
317877424 META-INF/androidx.compose.ui_ui-unit.version (OK)
317877504 META-INF/androidx.compose.ui_ui-util.version (OK)
317877580 META-INF/androidx.compose.ui_ui.version (OK)
317877656 META-INF/androidx.core_core-ktx.version (OK)
317877728 META-INF/androidx.core_core.version (OK)
317877820 META-INF/androidx.cursoradapter_cursoradapter.version (OK)
317877920 META-INF/androidx.customview_customview-poolingcontainer.version (OK)
317878004 META-INF/androidx.customview_customview.version (OK)
317878092 META-INF/androidx.drawerlayout_drawerlayout.version (OK)
317878168 META-INF/androidx.emoji2_emoji2.version (OK)
317878252 META-INF/androidx.fragment_fragment-ktx.version (OK)
317878332 META-INF/androidx.fragment_fragment.version (OK)
317878420 META-INF/androidx.interpolator_interpolator.version (OK)
317878520 META-INF/androidx.lifecycle_lifecycle-livedata-core-ktx.version (OK)
317878616 META-INF/androidx.lifecycle_lifecycle-livedata-core.version (OK)
317878708 META-INF/androidx.lifecycle_lifecycle-livedata.version (OK)
317878800 META-INF/androidx.lifecycle_lifecycle-process.version (OK)
317878896 META-INF/androidx.lifecycle_lifecycle-runtime-ktx.version (OK)
317878988 META-INF/androidx.lifecycle_lifecycle-runtime.version (OK)
317879080 META-INF/androidx.lifecycle_lifecycle-service.version (OK)
317879180 META-INF/androidx.lifecycle_lifecycle-viewmodel-compose.version (OK)
317879276 META-INF/androidx.lifecycle_lifecycle-viewmodel-ktx.version (OK)
317879380 META-INF/androidx.lifecycle_lifecycle-viewmodel-savedstate.version (OK)
317879472 META-INF/androidx.lifecycle_lifecycle-viewmodel.version (OK)
317879548 META-INF/androidx.loader_loader.version (OK)
317879644 META-INF/androidx.navigation_navigation-common-ktx.version (OK)
317879736 META-INF/androidx.navigation_navigation-common.version (OK)
317879828 META-INF/androidx.navigation_navigation-compose.version (OK)
317879924 META-INF/androidx.navigation_navigation-runtime-ktx.version (OK)
317880016 META-INF/androidx.navigation_navigation-runtime.version (OK)
317880112 META-INF/androidx.profileinstaller_profileinstaller.version (OK)
317880200 META-INF/androidx.savedstate_savedstate-ktx.version (OK)
317880284 META-INF/androidx.savedstate_savedstate.version (OK)
317880372 META-INF/androidx.security_security-crypto.version (OK)
317880468 META-INF/androidx.startup_startup-runtime.version (OK)
317880548 META-INF/androidx.tracing_tracing.version (OK)
317880648 META-INF/androidx.vectordrawable_vectordrawable-animated.version (OK)
317880740 META-INF/androidx.vectordrawable_vectordrawable.version (OK)
317880844 META-INF/androidx.versionedparcelable_versionedparcelable.version (OK)
317880928 META-INF/androidx.viewpager_viewpager.version (OK)
317881008 META-INF/kotlinx_coroutines_android.version (OK)
317881084 META-INF/kotlinx_coroutines_core.version (OK)
317881181 META-INF/services/kotlinx.coroutines.CoroutineExceptionHandler (OK - compressed)
317881328 META-INF/services/kotlinx.coroutines.internal.MainDispatcherFactory (OK - compressed)
317881451 kotlin/annotation/annotation.kotlin_builtins (OK - compressed)
317882088 kotlin/collections/collections.kotlin_builtins (OK - compressed)
317883683 kotlin/coroutines/coroutines.kotlin_builtins (OK - compressed)
317883910 kotlin/internal/internal.kotlin_builtins (OK - compressed)
317884363 kotlin/kotlin.kotlin_builtins (OK - compressed)
317889686 kotlin/ranges/ranges.kotlin_builtins (OK - compressed)
317891046 kotlin/reflect/reflect.kotlin_builtins (OK - compressed)
317892398 okhttp3/internal/publicsuffix/NOTICE (OK - compressed)
317892624 okhttp3/internal/publicsuffix/publicsuffixes.gz (OK)
Verification successful
