........................................................................ [  5%]
........................................................................ [ 10%]
........................................................................ [ 15%]
........................................................................ [ 21%]
........................................................................ [ 26%]
........................................................................ [ 31%]
...s.................................................................... [ 36%]
........................................................................ [ 42%]
......sss............................................................... [ 47%]
........................................................................ [ 52%]
........................................................................ [ 57%]
........................................................................ [ 63%]
........................................................................ [ 68%]
........................................................................ [ 73%]
........................................................................ [ 78%]
........................................................................ [ 84%]
........................................................................ [ 89%]
........................................................................ [ 94%]
......s................................................................. [100%]
=============================== warnings summary ===============================
.venv/lib/python3.12/site-packages/fastapi/testclient.py:1
  /workspace/cf-van/.venv/lib/python3.12/site-packages/fastapi/testclient.py:1: StarletteDeprecationWarning: Using `httpx` with `starlette.testclient` is deprecated; install `httpx2` instead.
    from starlette.testclient import TestClient as TestClient  # noqa

trading/tests/test_infra_live.py::test_deriv_ws_transport_over_a_real_websocket_server
  /workspace/cf-van/trading/vati/execution/transports/deriv_ws.py:76: DeprecationWarning: connect() must be used as a context manager: with connect(...) as websocket: ...; alternatively, use websocket = connect(..., legacy=True) to connect directly
    self._ws.send(json.dumps(payload))

-- Docs: https://docs.pytest.org/en/stable/how-to/capture-warnings.html
1363 passed, 5 skipped, 2 warnings in 54.73s
