........................................................................ [  4%]
........................................................................ [  9%]
........................................................................ [ 14%]
........................................................................ [ 19%]
........................................................................ [ 24%]
........................................................................ [ 29%]
............................s........................................... [ 33%]
........................................................................ [ 38%]
........................................................................ [ 43%]
........................................................................ [ 48%]
........................................................................ [ 53%]
........................................................................ [ 58%]
........................................................................ [ 62%]
........................................................................ [ 67%]
........................................................................ [ 72%]
........................................................................ [ 77%]
........................................................................ [ 82%]
........................................................................ [ 87%]
........................................................................ [ 92%]
........................................................................ [ 96%]
..............................................                           [100%]
=============================== warnings summary ===============================
../canon-backend-venv-2026-10-09/lib/python3.12/site-packages/fastapi/testclient.py:1
  /workspace/van-audit/canon-backend-venv-2026-10-09/lib/python3.12/site-packages/fastapi/testclient.py:1: StarletteDeprecationWarning: Using `httpx` with `starlette.testclient` is deprecated; install `httpx2` instead.
    from starlette.testclient import TestClient as TestClient  # noqa

../canon-backend-venv-2026-10-09/lib/python3.12/site-packages/starlette/testclient.py:53
  /workspace/van-audit/canon-backend-venv-2026-10-09/lib/python3.12/site-packages/starlette/testclient.py:53: DeprecationWarning: The anyio.abc.BlockingPortal alias is deprecated, use anyio.from_thread.BlockingPortal instead.
    _PortalFactoryType = Callable[[], AbstractContextManager[anyio.abc.BlockingPortal]]

trading/tests/test_infra_live.py::test_deriv_ws_transport_over_a_real_websocket_server
  /workspace/van-audit/canon-runtime-fix-2026-10-09/trading/vati/execution/transports/deriv_ws.py:76: DeprecationWarning: connect() must be used as a context manager: with connect(...) as websocket: ...; alternatively, use websocket = connect(..., legacy=True) to connect directly
    self._ws.send(json.dumps(payload))

-- Docs: https://docs.pytest.org/en/stable/how-to/capture-warnings.html
=========================== short test summary info ============================
SKIPPED [1] trading/tests/test_infra_live.py:54: local PostgreSQL not reachable
1485 passed, 1 skipped, 3 warnings in 48.63s
