Picked up JAVA_TOOL_OPTIONS: -Dhttps.proxyHost=proxy -Dhttps.proxyPort=8080 -Dhttp.proxyHost=proxy -Dhttp.proxyPort=8080 -Djavax.net.ssl.trustStore=/tmp/cf-van-java-cacerts -Djavax.net.ssl.trustStorePassword=changeit
To honour the JVM settings for this build a single-use Daemon process will be forked. For more on this, please refer to https://docs.gradle.org/8.11.1/userguide/gradle_daemon.html#sec:disabling_the_daemon in the Gradle documentation.
Daemon will be stopped at the end of the build 
> Task :checkKotlinGradlePluginConfigurationErrors SKIPPED
> Task :compileKotlin UP-TO-DATE
> Task :compileJava NO-SOURCE
> Task :processResources NO-SOURCE
> Task :classes UP-TO-DATE
> Task :jar UP-TO-DATE
> Task :processTestResources NO-SOURCE
> Task :compileTestKotlin
> Task :compileTestJava NO-SOURCE
> Task :testClasses UP-TO-DATE

> Task :test FAILED
Picked up JAVA_TOOL_OPTIONS: -Dhttps.proxyHost=proxy -Dhttps.proxyPort=8080 -Dhttp.proxyHost=proxy -Dhttp.proxyPort=8080 -Djavax.net.ssl.trustStore=/tmp/cf-van-java-cacerts -Djavax.net.ssl.trustStorePassword=changeit

CognitionHierarchyContractTest > supported hierarchy is authoritative when both keys are present() PASSED

CognitionHierarchyContractTest > existing native legacy hierarchy contract remains readable() FAILED
    org.opentest4j.AssertionFailedError at CognitionHierarchyContractTest.kt:9

2 tests completed, 1 failed

FAILURE: Build failed with an exception.

* What went wrong:
Execution failed for task ':test'.
> There were failing tests. See the report at: file:///workspace/cf-van/android/verification/build/reports/tests/test/index.html

* Try:
> Run with --scan to get full insights.

BUILD FAILED in 10s
4 actionable tasks: 2 executed, 2 up-to-date
